#-----------------------------------------------------------
# Vivado v2020.1 (64-bit)
# SW Build 2902540 on Wed May 27 19:54:49 MDT 2020
# IP Build 2902112 on Wed May 27 22:43:36 MDT 2020
# Start of session at: Sun Apr 26 13:07:29 2026
# Process ID: 22156
# Current directory: C:/Users/aleja/OneDrive/Escritorio/UC/SEP/Proyecto_Base_Booster_2025/Proyecto_Base_Booster/HW_Base_Booster_2025/Proyecto_Base_Booster_2025.runs/impl_1
# Command line: vivado.exe -log DEMO_wrapper.vdi -applog -product Vivado -messageDb vivado.pb -mode batch -source DEMO_wrapper.tcl -notrace
# Log file: C:/Users/aleja/OneDrive/Escritorio/UC/SEP/Proyecto_Base_Booster_2025/Proyecto_Base_Booster/HW_Base_Booster_2025/Proyecto_Base_Booster_2025.runs/impl_1/DEMO_wrapper.vdi
# Journal file: C:/Users/aleja/OneDrive/Escritorio/UC/SEP/Proyecto_Base_Booster_2025/Proyecto_Base_Booster/HW_Base_Booster_2025/Proyecto_Base_Booster_2025.runs/impl_1\vivado.jou
#-----------------------------------------------------------
source DEMO_wrapper.tcl -notrace
