16:32:31 **** Incremental Build of configuration Debug for project test_boot_ac04 ****
make all 
make --no-print-directory pre-build
a9-linaro-pre-build-step
' '
make --no-print-directory main-build
'Building file: ../src/helloworld.c'
'Invoking: ARM v7 gcc compiler'
arm-none-eabi-gcc -Wall -O0 -g3 -c -fmessage-length=0 -MT"src/helloworld.o" -mcpu=cortex-a9 -mfpu=vfpv3 -mfloat-abi=hard -IC:/Users/aleja/OneDrive/Escritorio/UC/SEP/Proyecto_Base_Booster_2025/Proyecto_Base_Booster/AC04_P2/export/AC04_P2/sw/AC04_P2/standalone_domain/bspinclude/include -MMD -MP -MF"src/helloworld.d" -MT"src/helloworld.o" -o "src/helloworld.o" "../src/helloworld.c"
'Finished building: ../src/helloworld.c'
' '
'Building file: ../src/platform.c'
'Invoking: ARM v7 gcc compiler'
arm-none-eabi-gcc -Wall -O0 -g3 -c -fmessage-length=0 -MT"src/platform.o" -mcpu=cortex-a9 -mfpu=vfpv3 -mfloat-abi=hard -IC:/Users/aleja/OneDrive/Escritorio/UC/SEP/Proyecto_Base_Booster_2025/Proyecto_Base_Booster/AC04_P2/export/AC04_P2/sw/AC04_P2/standalone_domain/bspinclude/include -MMD -MP -MF"src/platform.d" -MT"src/platform.o" -o "src/platform.o" "../src/platform.c"
'Finished building: ../src/platform.c'
' '
'Building target: test_boot_ac04.elf'
'Invoking: ARM v7 gcc linker'
arm-none-eabi-gcc -mcpu=cortex-a9 -mfpu=vfpv3 -mfloat-abi=hard -Wl,-build-id=none -specs=Xilinx.spec -Wl,-T -Wl,../src/lscript.ld -LC:/Users/aleja/OneDrive/Escritorio/UC/SEP/Proyecto_Base_Booster_2025/Proyecto_Base_Booster/AC04_P2/export/AC04_P2/sw/AC04_P2/standalone_domain/bsplib/lib -o "test_boot_ac04.elf"  ./src/helloworld.o ./src/platform.o   -Wl,--start-group,-lxil,-lgcc,-lc,--end-group
'Finished building target: test_boot_ac04.elf'
' '
'Invoking: ARM v7 Print Size'
arm-none-eabi-size test_boot_ac04.elf  |tee "test_boot_ac04.elf.size"
   text	   data	    bss	    dec	    hex	filename
  21524	   1144	  22568	  45236	   b0b4	test_boot_ac04.elf
'Finished building: test_boot_ac04.elf.size'
' '

16:32:32 Build Finished (took 1s.172ms)

